// Jest Snapshot v1, https://goo.gl/fbAQLP

exports[`Home renders correctly 1`] = `
<div>
  <h3>
    Weather in New York, New York, United States of America at 2023-12-08 9:02
  </h3>
  <div
    class="current"
  >
    <img
      alt="Sunny Image"
      class="current_icon"
      src="https:////cdn.weatherapi.com/weather/64x64/day/113.png"
    />
    <p
      class="current__name"
    >
      Sunny
    </p>
    <p
      class="current__temp"
    >
      <span
        class="current__tempMain"
      >
        5
      </span>
      Â°C
    </p>
    <p>
      Humidity: 65%
    </p>
    <p>
      Wind: 3.6kph
    </p>
  </div>
  <h3>
    5days weather
  </h3>
  <ul
    class="forecast"
  >
    <a
      class="forecast__item"
      href="/NewYork"
    >
      <li>
        <p
          class="forecast__itemDate"
        >
          12/08
        </p>
        <img
          alt=""
          src="//cdn.weatherapi.com/weather/64x64/day/143.png"
        />
        <p
          class="forecast__itemName"
        >
          Mist
        </p>
      </li>
    </a>
    <a
      class="forecast__item"
      href="/NewYork"
    >
      <li>
        <p
          class="forecast__itemDate"
        >
          12/09
        </p>
        <img
          alt=""
          src="//cdn.weatherapi.com/weather/64x64/day/119.png"
        />
        <p
          class="forecast__itemName"
        >
          Cloudy
        </p>
      </li>
    </a>
    <a
      class="forecast__item"
      href="/NewYork"
    >
      <li>
        <p
          class="forecast__itemDate"
        >
          12/10
        </p>
        <img
          alt=""
          src="//cdn.weatherapi.com/weather/64x64/day/308.png"
        />
        <p
          class="forecast__itemName"
        >
          Heavy rain
        </p>
      </li>
    </a>
    <a
      class="forecast__item"
      href="/NewYork"
    >
      <li>
        <p
          class="forecast__itemDate"
        >
          12/11
        </p>
        <img
          alt=""
          src="//cdn.weatherapi.com/weather/64x64/day/308.png"
        />
        <p
          class="forecast__itemName"
        >
          Heavy rain
        </p>
      </li>
    </a>
    <a
      class="forecast__item"
      href="/NewYork"
    >
      <li>
        <p
          class="forecast__itemDate"
        >
          12/12
        </p>
        <img
          alt=""
          src="//cdn.weatherapi.com/weather/64x64/day/113.png"
        />
        <p
          class="forecast__itemName"
        >
          Sunny
        </p>
      </li>
    </a>
  </ul>
</div>
`;
