// Jest Snapshot v1, https://goo.gl/fbAQLP

exports[`TextBox snapshot 1`] = `
<div>
  <div
    class="textBox"
  >
    <input
      class="textBox__input"
      placeholder="location"
      required=""
      type="text"
      value="value"
    />
    <input
      class="textBox__submit"
      tabindex="0"
      type="submit"
      value="Search"
    />
  </div>
</div>
`;
